// Jest Snapshot v1, https://jestjs.io/docs/snapshot-testing

exports[`StorySkeleton component matches snapshot 1`] = `
<DocumentFragment>
  <div
    class="MuiStack-root css-1vkoruo-MuiStack-root"
  >
    <div
      class="MuiBox-root css-1mc38uo"
    >
      <span
        class="MuiSkeleton-root MuiSkeleton-text MuiSkeleton-pulse css-1ejrkhc-MuiSkeleton-root"
        style="width: 100%; height: 2rem;"
      />
      <span
        class="MuiSkeleton-root MuiSkeleton-text MuiSkeleton-pulse css-1ejrkhc-MuiSkeleton-root"
        style="width: 80%; height: 2rem;"
      />
      <div
        class="MuiBox-root css-1pup0r6"
      >
        <span
          class="MuiSkeleton-root MuiSkeleton-text MuiSkeleton-pulse css-1ejrkhc-MuiSkeleton-root"
          style="width: 50%;"
        />
        <span
          class="MuiSkeleton-root MuiSkeleton-text MuiSkeleton-pulse css-1ejrkhc-MuiSkeleton-root"
          style="width: 30%;"
        />
      </div>
      <div
        class="MuiBox-root css-gg4vpm"
      >
        <span
          class="MuiSkeleton-root MuiSkeleton-text MuiSkeleton-pulse css-1ejrkhc-MuiSkeleton-root"
          style="width: 40%;"
        />
        <span
          class="MuiSkeleton-root MuiSkeleton-text MuiSkeleton-pulse css-1ejrkhc-MuiSkeleton-root"
          style="width: 30%;"
        />
      </div>
    </div>
  </div>
</DocumentFragment>
`;
